# vsim -vopt work.tb_top -voptargs="+acc=npr" -assertdebug -l sim_run.log -c -do "run -all; exit" "+UVM_TESTNAME=alu_sanity_test" "+UVM_VERBOSITY=UVM_MEDIUM" "+NUM_TX=10000" 
# Start time: 10:26:45 on Aug 04,2026
# ** Note: (vsim-8009) Loading existing optimized design _opt
# //  Questa Sim
# //  Version 10.6c linux Jul 25 2017
# //
# //  Copyright 1991-2017 Mentor Graphics Corporation
# //  All Rights Reserved.
# //
# //  QuestaSim and its associated documentation contain trade
# //  secrets and commercial or financial information that are the property of
# //  Mentor Graphics Corporation and are privileged, confidential,
# //  and exempt from disclosure under the Freedom of Information Act,
# //  5 U.S.C. Section 552. Furthermore, this information
# //  is prohibited from disclosure under the Trade Secrets Act,
# //  18 U.S.C. Section 1905.
# //
# Loading sv_std.std
# Loading work.alu_interface(fast)
# Loading mtiUvm.uvm_pkg
# Loading work.alu_pkg(fast)
# Loading work.tb_top(fast)
# Loading work.alu_interface(fast)
# Loading work.ALU_DESIGN(fast)
# Loading work.alu_assertions(fast)
# Loading mtiUvm.questa_uvm_pkg(fast)
# ** Warning: (vsim-3015) tb_top.sv(23): [PCDPC] - Port size (10) does not match connection size (16) for port 'RES'. The port definition is at: alu.sv(1).
#    Time: 0 ns  Iteration: 0  Instance: /tb_top/u_dut File: alu.sv
# Loading /tools/mentor/questasim_10.6c/questasim/uvm-1.1d/linux/uvm_dpi.so
# run -all
# ----------------------------------------------------------------
# UVM-1.1d
# (C) 2007-2013 Mentor Graphics Corporation
# (C) 2007-2013 Cadence Design Systems, Inc.
# (C) 2006-2013 Synopsys, Inc.
# (C) 2011-2013 Cypress Semiconductor Corp.
# ----------------------------------------------------------------
# 
#   ***********       IMPORTANT RELEASE NOTES         ************
# 
#   You are using a version of the UVM library that has been compiled
#   with `UVM_NO_DEPRECATED undefined.
#   See http://www.eda.org/svdb/view.php?id=3313 for more details.
# 
#   You are using a version of the UVM library that has been compiled
#   with `UVM_OBJECT_MUST_HAVE_CONSTRUCTOR undefined.
#   See http://www.eda.org/svdb/view.php?id=3770 for more details.
# 
#       (Specify +UVM_NO_RELNOTES to turn off this notice)
# 
# UVM_INFO verilog_src/questa_uvm_pkg-1.2/src/questa_uvm_pkg.sv(215) @ 0: reporter [Questa UVM] QUESTA_UVM-1.2.3
# UVM_INFO verilog_src/questa_uvm_pkg-1.2/src/questa_uvm_pkg.sv(217) @ 0: reporter [Questa UVM]  questa_uvm::init(+struct)
# UVM_INFO @ 0: reporter [RNTST] Running test alu_sanity_test...
# UVM_INFO tb_top.sv(55) @ 15: reporter [TB_TOP] Initial Reset Released.
# UVM_INFO alu_driver.sv(89) @ 15: uvm_test_top.env.in_agent.drv [ALU_DRIVER] Driven Transaction -> OPA: 'ha | OPB: 'h14 | INP_VALID: 'b11 | CMD: 0 | MODE: 0 | CIN: 0 | CE: 1
# UVM_INFO alu_driver.sv(89) @ 25: uvm_test_top.env.in_agent.drv [ALU_DRIVER] Driven Transaction -> OPA: 'hd0 | OPB: 'h8f | INP_VALID: 'b11 | CMD: 3 | MODE: 0 | CIN: 1 | CE: 1
# UVM_INFO alu_driver.sv(89) @ 35: uvm_test_top.env.in_agent.drv [ALU_DRIVER] Driven Transaction -> OPA: 'h39 | OPB: 'h5 | INP_VALID: 'b11 | CMD: 3 | MODE: 0 | CIN: 1 | CE: 1
# UVM_ERROR alu_scoreboard.sv(171) @ 35: uvm_test_top.env.scbd [SCBD_MISMATCH] MISMATCH #1!
# Expected:
# ------------------------------------------------
# Name                Type             Size  Value
# ------------------------------------------------
# complete_tx         alu_transaction  -     @795 
#   CE                integral         1     'h1  
#   INP_VALID         integral         2     'b11 
#   MODE              integral         1     'h0  
#   CMD               integral         4     'd3  
#   CIN               integral         1     'h1  
#   OPA               integral         8     'hd0 
#   OPB               integral         8     'h8f 
#   RES               integral         16    'h20 
#   ERR               integral         1     'h0  
#   COUT              integral         1     'h0  
#   OFLOW             integral         1     'h0  
#   G                 integral         1     'h0  
#   L                 integral         1     'h0  
#   E                 integral         1     'h0  
#   RST               integral         1     'h0  
#   timeout_occurred  integral         1     'h0  
# ------------------------------------------------
# 
# Actual:
# ------------------------------------------------
# Name                Type             Size  Value
# ------------------------------------------------
# tx                  alu_transaction  -     @799 
#   CE                integral         1     'h1  
#   INP_VALID         integral         2     'b11 
#   MODE              integral         1     'h0  
#   CMD               integral         4     'd3  
#   CIN               integral         1     'h1  
#   OPA               integral         8     'hd0 
#   OPB               integral         8     'h8f 
#   RES               integral         16    'h0  
#   ERR               integral         1     'h0  
#   COUT              integral         1     'h0  
#   OFLOW             integral         1     'h0  
#   G                 integral         1     'h0  
#   L                 integral         1     'h0  
#   E                 integral         1     'h0  
#   RST               integral         1     'h0  
#   timeout_occurred  integral         1     'h0  
# ------------------------------------------------
# 
# UVM_INFO alu_driver.sv(89) @ 45: uvm_test_top.env.in_agent.drv [ALU_DRIVER] Driven Transaction -> OPA: 'h45 | OPB: 'h5a | INP_VALID: 'b11 | CMD: 0 | MODE: 0 | CIN: 1 | CE: 0
# UVM_ERROR alu_scoreboard.sv(171) @ 45: uvm_test_top.env.scbd [SCBD_MISMATCH] MISMATCH #2!
# Expected:
# ------------------------------------------------
# Name                Type             Size  Value
# ------------------------------------------------
# complete_tx         alu_transaction  -     @811 
#   CE                integral         1     'h1  
#   INP_VALID         integral         2     'b11 
#   MODE              integral         1     'h0  
#   CMD               integral         4     'd3  
#   CIN               integral         1     'h1  
#   OPA               integral         8     'h39 
#   OPB               integral         8     'h5  
#   RES               integral         16    'hc2 
#   ERR               integral         1     'h0  
#   COUT              integral         1     'h0  
#   OFLOW             integral         1     'h0  
#   G                 integral         1     'h0  
#   L                 integral         1     'h0  
#   E                 integral         1     'h0  
#   RST               integral         1     'h0  
#   timeout_occurred  integral         1     'h0  
# ------------------------------------------------
# 
# Actual:
# ------------------------------------------------
# Name                Type             Size  Value
# ------------------------------------------------
# tx                  alu_transaction  -     @815 
#   CE                integral         1     'h1  
#   INP_VALID         integral         2     'b11 
#   MODE              integral         1     'h0  
#   CMD               integral         4     'd3  
#   CIN               integral         1     'h1  
#   OPA               integral         8     'h39 
#   OPB               integral         8     'h5  
#   RES               integral         16    'h0  
#   ERR               integral         1     'h0  
#   COUT              integral         1     'h0  
#   OFLOW             integral         1     'h0  
#   G                 integral         1     'h0  
#   L                 integral         1     'h0  
#   E                 integral         1     'h0  
#   RST               integral         1     'h0  
#   timeout_occurred  integral         1     'h0  
# ------------------------------------------------
# 
# UVM_INFO alu_driver.sv(89) @ 55: uvm_test_top.env.in_agent.drv [ALU_DRIVER] Driven Transaction -> OPA: 'h97 | OPB: 'hd3 | INP_VALID: 'b11 | CMD: 3 | MODE: 0 | CIN: 1 | CE: 1
# ** Error: SVA_ERROR: ALU outputs changed while Clock Enable (CE) was low!
#    Time: 55 ns Started: 55 ns  Scope: tb_top.u_dut.u_alu_sva.assert_ce_hold File: alu_assertions.sv Line: 42
# UVM_INFO alu_driver.sv(89) @ 65: uvm_test_top.env.in_agent.drv [ALU_DRIVER] Driven Transaction -> OPA: 'hc9 | OPB: 'hea | INP_VALID: 'b11 | CMD: 6 | MODE: 0 | CIN: 1 | CE: 1
# UVM_ERROR alu_scoreboard.sv(171) @ 65: uvm_test_top.env.scbd [SCBD_MISMATCH] MISMATCH #3!
# Expected:
# --------------------------------------------------
# Name                Type             Size  Value  
# --------------------------------------------------
# complete_tx         alu_transaction  -     @827   
#   CE                integral         1     'h0    
#   INP_VALID         integral         2     'b11   
#   MODE              integral         1     'h0    
#   CMD               integral         4     'd0    
#   CIN               integral         1     'h1    
#   OPA               integral         8     'h45   
#   OPB               integral         8     'h5a   
#   RES               integral         16    'h0xxxx
#   ERR               integral         1     'h0    
#   COUT              integral         1     'h0    
#   OFLOW             integral         1     'h0    
#   G                 integral         1     'h0    
#   L                 integral         1     'h0    
#   E                 integral         1     'h0    
#   RST               integral         1     'h0    
#   timeout_occurred  integral         1     'h0    
# --------------------------------------------------
# 
# Actual:
# ------------------------------------------------
# Name                Type             Size  Value
# ------------------------------------------------
# tx                  alu_transaction  -     @843 
#   CE                integral         1     'h1  
#   INP_VALID         integral         2     'b11 
#   MODE              integral         1     'h0  
#   CMD               integral         4     'd3  
#   CIN               integral         1     'h1  
#   OPA               integral         8     'h97 
#   OPB               integral         8     'hd3 
#   RES               integral         16    'h20 
#   ERR               integral         1     'h0  
#   COUT              integral         1     'h0  
#   OFLOW             integral         1     'h0  
#   G                 integral         1     'h0  
#   L                 integral         1     'h0  
#   E                 integral         1     'h0  
#   RST               integral         1     'h0  
#   timeout_occurred  integral         1     'h0  
# ------------------------------------------------
# 
# UVM_INFO alu_driver.sv(89) @ 75: uvm_test_top.env.in_agent.drv [ALU_DRIVER] Driven Transaction -> OPA: 'h1 | OPB: 'h7c | INP_VALID: 'b11 | CMD: 0 | MODE: 1 | CIN: 1 | CE: 0
# UVM_ERROR alu_scoreboard.sv(171) @ 75: uvm_test_top.env.scbd [SCBD_MISMATCH] MISMATCH #4!
# Expected:
# ------------------------------------------------
# Name                Type             Size  Value
# ------------------------------------------------
# complete_tx         alu_transaction  -     @839 
#   CE                integral         1     'h1  
#   INP_VALID         integral         2     'b11 
#   MODE              integral         1     'h0  
#   CMD               integral         4     'd3  
#   CIN               integral         1     'h1  
#   OPA               integral         8     'h97 
#   OPB               integral         8     'hd3 
#   RES               integral         16    'h28 
#   ERR               integral         1     'h0  
#   COUT              integral         1     'h0  
#   OFLOW             integral         1     'h0  
#   G                 integral         1     'h0  
#   L                 integral         1     'h0  
#   E                 integral         1     'h0  
#   RST               integral         1     'h0  
#   timeout_occurred  integral         1     'h0  
# ------------------------------------------------
# 
# Actual:
# ------------------------------------------------
# Name                Type             Size  Value
# ------------------------------------------------
# tx                  alu_transaction  -     @859 
#   CE                integral         1     'h1  
#   INP_VALID         integral         2     'b11 
#   MODE              integral         1     'h0  
#   CMD               integral         4     'd6  
#   CIN               integral         1     'h1  
#   OPA               integral         8     'hc9 
#   OPB               integral         8     'hea 
#   RES               integral         16    'h40 
#   ERR               integral         1     'h0  
#   COUT              integral         1     'h0  
#   OFLOW             integral         1     'h0  
#   G                 integral         1     'h0  
#   L                 integral         1     'h0  
#   E                 integral         1     'h0  
#   RST               integral         1     'h0  
#   timeout_occurred  integral         1     'h0  
# ------------------------------------------------
# 
# UVM_INFO alu_driver.sv(89) @ 85: uvm_test_top.env.in_agent.drv [ALU_DRIVER] Driven Transaction -> OPA: 'he3 | OPB: 'h95 | INP_VALID: 'b11 | CMD: 6 | MODE: 1 | CIN: 1 | CE: 0
# ** Error: SVA_ERROR: ALU outputs changed while Clock Enable (CE) was low!
#    Time: 85 ns Started: 85 ns  Scope: tb_top.u_dut.u_alu_sva.assert_ce_hold File: alu_assertions.sv Line: 42
# UVM_INFO alu_driver.sv(89) @ 95: uvm_test_top.env.in_agent.drv [ALU_DRIVER] Driven Transaction -> OPA: 'h71 | OPB: 'h59 | INP_VALID: 'b11 | CMD: 8 | MODE: 1 | CIN: 0 | CE: 1
# UVM_INFO alu_driver.sv(89) @ 105: uvm_test_top.env.in_agent.drv [ALU_DRIVER] Driven Transaction -> OPA: 'h99 | OPB: 'ha0 | INP_VALID: 'b11 | CMD: 8 | MODE: 1 | CIN: 0 | CE: 1
# UVM_ERROR alu_scoreboard.sv(171) @ 105: uvm_test_top.env.scbd [SCBD_MISMATCH] MISMATCH #5!
# Expected:
# ------------------------------------------------
# Name                Type             Size  Value
# ------------------------------------------------
# complete_tx         alu_transaction  -     @855 
#   CE                integral         1     'h1  
#   INP_VALID         integral         2     'b11 
#   MODE              integral         1     'h0  
#   CMD               integral         4     'd6  
#   CIN               integral         1     'h1  
#   OPA               integral         8     'hc9 
#   OPB               integral         8     'hea 
#   RES               integral         16    'h36 
#   ERR               integral         1     'h0  
#   COUT              integral         1     'h0  
#   OFLOW             integral         1     'h0  
#   G                 integral         1     'h0  
#   L                 integral         1     'h0  
#   E                 integral         1     'h0  
#   RST               integral         1     'h0  
#   timeout_occurred  integral         1     'h0  
# ------------------------------------------------
# 
# Actual:
# ------------------------------------------------
# Name                Type             Size  Value
# ------------------------------------------------
# tx                  alu_transaction  -     @899 
#   CE                integral         1     'h1  
#   INP_VALID         integral         2     'b11 
#   MODE              integral         1     'h1  
#   CMD               integral         4     8    
#   CIN               integral         1     'h0  
#   OPA               integral         8     'h71 
#   OPB               integral         8     'h59 
#   RES               integral         16    'h28 
#   ERR               integral         1     'h0  
#   COUT              integral         1     'h0  
#   OFLOW             integral         1     'h0  
#   G                 integral         1     'h0  
#   L                 integral         1     'h0  
#   E                 integral         1     'h0  
#   RST               integral         1     'h0  
#   timeout_occurred  integral         1     'h0  
# ------------------------------------------------
# 
# UVM_INFO alu_driver.sv(89) @ 115: uvm_test_top.env.in_agent.drv [ALU_DRIVER] Driven Transaction -> OPA: 'hfd | OPB: 'hd9 | INP_VALID: 'b11 | CMD: 9 | MODE: 1 | CIN: 0 | CE: 1
# UVM_ERROR alu_scoreboard.sv(171) @ 115: uvm_test_top.env.scbd [SCBD_MISMATCH] MISMATCH #6!
# Expected:
# --------------------------------------------------
# Name                Type             Size  Value  
# --------------------------------------------------
# complete_tx         alu_transaction  -     @871   
#   CE                integral         1     'h0    
#   INP_VALID         integral         2     'b11   
#   MODE              integral         1     'h1    
#   CMD               integral         4     'd0    
#   CIN               integral         1     'h1    
#   OPA               integral         8     'h1    
#   OPB               integral         8     'h7c   
#   RES               integral         16    'h0xxxx
#   ERR               integral         1     'h0    
#   COUT              integral         1     'h0    
#   OFLOW             integral         1     'h0    
#   G                 integral         1     'h0    
#   L                 integral         1     'h0    
#   E                 integral         1     'h0    
#   RST               integral         1     'h0    
#   timeout_occurred  integral         1     'h0    
# --------------------------------------------------
# 
# Actual:
# ------------------------------------------------
# Name                Type             Size  Value
# ------------------------------------------------
# tx                  alu_transaction  -     @915 
#   CE                integral         1     'h1  
#   INP_VALID         integral         2     'b11 
#   MODE              integral         1     'h1  
#   CMD               integral         4     8    
#   CIN               integral         1     'h0  
#   OPA               integral         8     'h99 
#   OPB               integral         8     'ha0 
#   RES               integral         16    'h94 
#   ERR               integral         1     'h0  
#   COUT              integral         1     'h0  
#   OFLOW             integral         1     'h0  
#   G                 integral         1     'h0  
#   L                 integral         1     'h0  
#   E                 integral         1     'h0  
#   RST               integral         1     'h0  
#   timeout_occurred  integral         1     'h0  
# ------------------------------------------------
# 
# UVM_INFO verilog_src/uvm-1.1d/src/base/uvm_objection.svh(1268) @ 115: reporter [TEST_DONE] 'run' phase is ready to proceed to the 'extract' phase
# UVM_INFO alu_coverage_subscriber.sv(66) @ 115: uvm_test_top.env.cov_sub [ALU_COV] Functional Coverage = 46.67%
# UVM_INFO alu_scoreboard.sv(180) @ 115: uvm_test_top.env.scbd [SCBD_REPORT] ----------------------------------------
# UVM_INFO alu_scoreboard.sv(181) @ 115: uvm_test_top.env.scbd [SCBD_REPORT] ALU SCOREBOARD REPORT Summary:
# UVM_INFO alu_scoreboard.sv(182) @ 115: uvm_test_top.env.scbd [SCBD_REPORT] Total Matches   : 1
# UVM_INFO alu_scoreboard.sv(183) @ 115: uvm_test_top.env.scbd [SCBD_REPORT] Total Mismatches: 6
# UVM_INFO alu_scoreboard.sv(184) @ 115: uvm_test_top.env.scbd [SCBD_REPORT] ----------------------------------------
# UVM_INFO alu_base_test.sv(32) @ 115: uvm_test_top [TEST_REPORT] Test execution completed successfully.
# 
# --- UVM Report Summary ---
# 
# ** Report counts by severity
# UVM_INFO :   23
# UVM_WARNING :    0
# UVM_ERROR :    6
# UVM_FATAL :    0
# ** Report counts by id
# [ALU_COV]     1
# [ALU_DRIVER]    11
# [Questa UVM]     2
# [RNTST]     1
# [SCBD_MISMATCH]     6
# [SCBD_REPORT]     5
# [TB_TOP]     1
# [TEST_DONE]     1
# [TEST_REPORT]     1
# ** Note: $finish    : /tools/mentor/questasim_10.6c/questasim/linux/../verilog_src/uvm-1.1d/src/base/uvm_root.svh(430)
#    Time: 115 ns  Iteration: 63  Instance: /tb_top
# End time: 10:26:46 on Aug 04,2026, Elapsed time: 0:00:01
# Errors: 2, Warnings: 1
